[2026-09-19T14:44:51+00:00] START sql_v3_3/executable/060_create_raw_lab_contract_layer_v1.sql sha256=de7aefc33ab8d2f313c311df1115ca9c45359a4f27e4f9df15cfd88f4fb2472a
CREATE SCHEMA
psql:/Users/zheyu/Desktop/CS_AHF_landmark24/.worktrees/mimic-lab-phase-c/sql_v3_3/executable/060_create_raw_lab_contract_layer_v1.sql:19: NOTICE:  table "lab_eligible_v1" does not exist, skipping
DROP TABLE
psql:/Users/zheyu/Desktop/CS_AHF_landmark24/.worktrees/mimic-lab-phase-c/sql_v3_3/executable/060_create_raw_lab_contract_layer_v1.sql:20: NOTICE:  table "lab_event_classified_v1" does not exist, skipping
DROP TABLE
psql:/Users/zheyu/Desktop/CS_AHF_landmark24/.worktrees/mimic-lab-phase-c/sql_v3_3/executable/060_create_raw_lab_contract_layer_v1.sql:21: NOTICE:  table "lab_quarantine_item_v1" does not exist, skipping
DROP TABLE
psql:/Users/zheyu/Desktop/CS_AHF_landmark24/.worktrees/mimic-lab-phase-c/sql_v3_3/executable/060_create_raw_lab_contract_layer_v1.sql:22: NOTICE:  table "lab_contract_v1" does not exist, skipping
DROP TABLE
CREATE TABLE
INSERT 0 14
CREATE TABLE
INSERT 0 8
SELECT 37778198
CREATE INDEX
CREATE INDEX
SELECT 37732919
CREATE INDEX
 eligible_missing_specimen_n | eligible_duplicate_specimen_itemid_n | eligible_reversed_time_n | wrong_fluid_quarantine_n | unknown_unit_quarantine_n | official_range_outlier_n | censored_result_n
-----------------------------+--------------------------------------+--------------------------+--------------------------+---------------------------+--------------------------+-------------------
                           0 |                                    0 |                        0 |                    44924 |                         8 |                      184 |                56
(1 row)

[2026-09-19T15:04:15+00:00] END sql_v3_3/executable/060_create_raw_lab_contract_layer_v1.sql status=passed exit_code=0
[2026-09-19T15:04:15+00:00] START sql_v3_3/audits/116_audit_raw_lab_contract_phase_c.sql sha256=9c4abf76f9f8d9c58db8675617f04dd94a29b67f19e1a6fff43df0bb1e896d6d
psql:/Users/zheyu/Desktop/CS_AHF_landmark24/.worktrees/mimic-lab-phase-c/sql_v3_3/audits/116_audit_raw_lab_contract_phase_c.sql:5: NOTICE:  schema "study_ahf_v3_3" already exists, skipping
CREATE SCHEMA
psql:/Users/zheyu/Desktop/CS_AHF_landmark24/.worktrees/mimic-lab-phase-c/sql_v3_3/audits/116_audit_raw_lab_contract_phase_c.sql:7: NOTICE:  table "audit_116_lab_contract_phase_c_v1" does not exist, skipping
DROP TABLE
CREATE TABLE
INSERT 0 12
INSERT 0 5
INSERT 0 3
INSERT 0 7
INSERT 0 10
INSERT 0 2
INSERT 0 14
    metric_group     |                         metric_name                         | observed_value | expected_value | passed | hard_gate |                                        detail
---------------------+-------------------------------------------------------------+----------------+----------------+--------+-----------+--------------------------------------------------------------------------------------
 balance             | classified_row_balance_n                                    |              0 |              0 | t      | t         | Classified rows must equal eligible rows plus quarantined rows.
 contract            | contract_concept_n                                          |             14 |             14 | t      | t         | The versioned contract must contain exactly 14 allowed blood-laboratory concepts.
 contract            | quarantine_item_n                                           |              8 |              8 | t      | t         | The BUN wrong-fluid quarantine registry must contain exactly 8 itemids.
 eligibility         | eligible_duplicate_specimen_itemid_n                        |              0 |              0 | t      | t         | Eligible rows must be unique at specimen_id x itemid in the source contract slice.
 eligibility         | eligible_missing_specimen_n                                 |              0 |              0 | t      | t         | Eligible rows must have specimen_id.
 eligibility         | eligible_quarantine_reason_n                                |              0 |              0 | t      | t         | The eligible table cannot retain a quarantine reason.
 eligibility         | eligible_reversed_time_n                                    |              0 |              0 | t      | t         | Eligible rows cannot have storetime before charttime.
 eligibility         | eligible_wrong_fluid_n                                      |              0 |              0 | t      | t         | No known wrong-fluid item, and no non-51006/non-blood BUN, may enter eligible.
 identity            | eligible_duplicate_labevent_id_n                            |              0 |              0 | t      | t         | Each source labevent_id must appear at most once in eligible.
 metadata            | eligible_contract_metadata_mismatch_n                       |              0 |              0 | t      | t         | Eligible label, fluid and category must exactly match the versioned contract.
 unit                | eligible_inr_nonblank_unit_n                                |              0 |              0 | t      | t         | The MIMIC-IV INR contract is dimensionless and permits only null/blank units.
 unit                | eligible_non_inr_blank_unit_n                               |              0 |              0 | t      | t         | Blank units are forbidden for every eligible concept except dimensionless INR.
 analysis_exclusion  | analysis_exclusion:<included>                               |       37399982 |                | t      | f         | Descriptive continuous-analysis disposition; raw values remain retained.
 analysis_exclusion  | analysis_exclusion:censored_not_exact                       |             56 |                | t      | f         | Descriptive continuous-analysis disposition; raw values remain retained.
 analysis_exclusion  | analysis_exclusion:outside_official_analysis_range          |            184 |                | t      | f         | Descriptive continuous-analysis disposition; raw values remain retained.
 analysis_exclusion  | analysis_exclusion:quarantined:storetime_before_charttime   |            347 |                | t      | f         | Descriptive continuous-analysis disposition; raw values remain retained.
 analysis_exclusion  | analysis_exclusion:quarantined:unknown_unit                 |              8 |                | t      | f         | Descriptive continuous-analysis disposition; raw values remain retained.
 analysis_exclusion  | analysis_exclusion:quarantined:wrong_fluid_ascites          |             31 |                | t      | f         | Descriptive continuous-analysis disposition; raw values remain retained.
 analysis_exclusion  | analysis_exclusion:quarantined:wrong_fluid_other_body_fluid |             58 |                | t      | f         | Descriptive continuous-analysis disposition; raw values remain retained.
 analysis_exclusion  | analysis_exclusion:quarantined:wrong_fluid_pleural          |              2 |                | t      | f         | Descriptive continuous-analysis disposition; raw values remain retained.
 analysis_exclusion  | analysis_exclusion:quarantined:wrong_fluid_urine            |          44833 |                | t      | f         | Descriptive continuous-analysis disposition; raw values remain retained.
 analysis_exclusion  | analysis_exclusion:result_not_exact_numeric                 |         332697 |                | t      | f         | Descriptive continuous-analysis disposition; raw values remain retained.
 censor_type         | censor_type:<none>                                          |       37778142 |                | t      | f         | Descriptive censoring distribution; censored values are not exact continuous values.
 censor_type         | censor_type:left                                            |              5 |                | t      | f         | Descriptive censoring distribution; censored values are not exact continuous values.
 censor_type         | censor_type:right                                           |             51 |                | t      | f         | Descriptive censoring distribution; censored values are not exact continuous values.
 eligible_concept    | eligible_concept:base_excess                                |         698330 |                | t      | f         | Descriptive eligible-row count by contract concept.
 eligible_concept    | eligible_concept:bicarbonate                                |        3934195 |                | t      | f         | Descriptive eligible-row count by contract concept.
 eligible_concept    | eligible_concept:bun                                        |        4202759 |                | t      | f         | Descriptive eligible-row count by contract concept.
 eligible_concept    | eligible_concept:creatinine                                 |        4319044 |                | t      | f         | Descriptive eligible-row count by contract concept.
 eligible_concept    | eligible_concept:hemoglobin                                 |        4181093 |                | t      | f         | Descriptive eligible-row count by contract concept.
 eligible_concept    | eligible_concept:inr                                        |        1783294 |                | t      | f         | Descriptive eligible-row count by contract concept.
 eligible_concept    | eligible_concept:lactate                                    |         670010 |                | t      | f         | Descriptive eligible-row count by contract concept.
 eligible_concept    | eligible_concept:ntprobnp                                   |          98206 |                | t      | f         | Descriptive eligible-row count by contract concept.
 eligible_concept    | eligible_concept:ph                                         |         754134 |                | t      | f         | Descriptive eligible-row count by contract concept.
 eligible_concept    | eligible_concept:platelet                                   |        4214021 |                | t      | f         | Descriptive eligible-row count by contract concept.
 eligible_concept    | eligible_concept:potassium                                  |        4149464 |                | t      | f         | Descriptive eligible-row count by contract concept.
 eligible_concept    | eligible_concept:sodium                                     |        4111245 |                | t      | f         | Descriptive eligible-row count by contract concept.
 eligible_concept    | eligible_concept:troponin_t                                 |         459867 |                | t      | f         | Descriptive eligible-row count by contract concept.
 eligible_concept    | eligible_concept:wbc                                        |        4157257 |                | t      | f         | Descriptive eligible-row count by contract concept.
 official_range_flag | official_range_flag:0                                       |       37778014 |                | t      | f         | Descriptive official analysis-range flag; it is not a physical-impossibility label.
 official_range_flag | official_range_flag:1                                       |            184 |                | t      | f         | Descriptive official analysis-range flag; it is not a physical-impossibility label.
 quarantine_reason   | quarantine_reason:<eligible>                                |       37732919 |                | t      | f         | Descriptive quarantine distribution; <eligible> means no contract violation.
 quarantine_reason   | quarantine_reason:storetime_before_charttime                |            347 |                | t      | f         | Descriptive quarantine distribution; <eligible> means no contract violation.
 quarantine_reason   | quarantine_reason:unknown_unit                              |              8 |                | t      | f         | Descriptive quarantine distribution; <eligible> means no contract violation.
 quarantine_reason   | quarantine_reason:wrong_fluid_ascites                       |             31 |                | t      | f         | Descriptive quarantine distribution; <eligible> means no contract violation.
 quarantine_reason   | quarantine_reason:wrong_fluid_other_body_fluid              |             58 |                | t      | f         | Descriptive quarantine distribution; <eligible> means no contract violation.
 quarantine_reason   | quarantine_reason:wrong_fluid_pleural                       |              2 |                | t      | f         | Descriptive quarantine distribution; <eligible> means no contract violation.
 quarantine_reason   | quarantine_reason:wrong_fluid_urine                         |          44833 |                | t      | f         | Descriptive quarantine distribution; <eligible> means no contract violation.
 result_class        | result_class:exact_numeric                                  |       37445280 |                | t      | f         | Descriptive distribution in the full classified contract slice.
 result_class        | result_class:left_censored                                  |              5 |                | t      | f         | Descriptive distribution in the full classified contract slice.
 result_class        | result_class:missing_result                                 |         332345 |                | t      | f         | Descriptive distribution in the full classified contract slice.
 result_class        | result_class:non_numeric_text                               |            517 |                | t      | f         | Descriptive distribution in the full classified contract slice.
 result_class        | result_class:right_censored                                 |             51 |                | t      | f         | Descriptive distribution in the full classified contract slice.
(53 rows)

DO
[2026-09-19T15:05:54+00:00] END sql_v3_3/audits/116_audit_raw_lab_contract_phase_c.sql status=passed exit_code=0
[2026-09-19T15:05:54+00:00] START sql_v3_3/executable/061A_create_ahf_evidence_table_12h_v2.sql sha256=46ee62a45750d5cd0f5a37f6d29c90de18d8cb860de93718982194f09078d3a1
psql:/Users/zheyu/Desktop/CS_AHF_landmark24/.worktrees/mimic-lab-phase-c/sql_v3_3/executable/061A_create_ahf_evidence_table_12h_v2.sql:4: NOTICE:  table "cohort_061a_ahf_evidence_early_window_12h_v2" does not exist, skipping
DROP TABLE
SELECT 22715
 n_total | ambiguous_episode_match_n | ntprobnp_definitely_above_300_n | ntprobnp_indeterminate_censored_n
---------+---------------------------+---------------------------------+-----------------------------------
   22715 |                         0 |                            2266 |                                 0
(1 row)

[2026-09-19T15:07:26+00:00] END sql_v3_3/executable/061A_create_ahf_evidence_table_12h_v2.sql status=passed exit_code=0
[2026-09-19T15:07:26+00:00] START sql_v3_3/executable/061C_create_pre12_overt_cs_flags_v2.sql sha256=6e5fde5d4642b4cafb4586d441b6a714b6190edc62862d4925a4943063162ecf
psql:/Users/zheyu/Desktop/CS_AHF_landmark24/.worktrees/mimic-lab-phase-c/sql_v3_3/executable/061C_create_pre12_overt_cs_flags_v2.sql:3: NOTICE:  table "outcome_061c_pre12_overt_cs_flags_v2" does not exist, skipping
DROP TABLE
SELECT 6418
 n_total | ambiguous_episode_match_n | pre12_overt_cs_main_n
---------+---------------------------+-----------------------
    6418 |                         0 |                   738
(1 row)

[2026-09-19T15:07:35+00:00] END sql_v3_3/executable/061C_create_pre12_overt_cs_flags_v2.sql status=passed exit_code=0
[2026-09-19T15:07:35+00:00] START sql_v3_3/executable/061E_create_post12_overt_cs_future48h_v2.sql sha256=4abc1a24bfb364a382ac3f6f81f5ea6d7de3c16eb823c62446a14be3800332cb
psql:/Users/zheyu/Desktop/CS_AHF_landmark24/.worktrees/mimic-lab-phase-c/sql_v3_3/executable/061E_create_post12_overt_cs_future48h_v2.sql:4: NOTICE:  table "outcome_061e_post12_overt_cs_future48h_main_v2" does not exist, skipping
DROP TABLE
SELECT 5564
 n_total | ambiguous_episode_match_n | post12_overt_cs_main_n
---------+---------------------------+------------------------
    5564 |                         0 |                    213
(1 row)

[2026-09-19T15:07:37+00:00] END sql_v3_3/executable/061E_create_post12_overt_cs_future48h_v2.sql status=passed exit_code=0
[2026-09-19T15:07:37+00:00] START sql_v3_3/executable/063A_create_candidate_hd_outcomes_overall_v2.sql sha256=218c3b12a4cda4f4a913f1ff590fcd47ecf6e7f7dea478e7dcc1b9797ba788d4
psql:/Users/zheyu/Desktop/CS_AHF_landmark24/.worktrees/mimic-lab-phase-c/sql_v3_3/executable/063A_create_candidate_hd_outcomes_overall_v2.sql:5: NOTICE:  table "outcome_063a_candidate_hd_outcomes_overall_v2" does not exist, skipping
DROP TABLE
psql:/Users/zheyu/Desktop/CS_AHF_landmark24/.worktrees/mimic-lab-phase-c/sql_v3_3/executable/063A_create_candidate_hd_outcomes_overall_v2.sql:222: ERROR:  column "pre12_lactate_n" specified more than once
[2026-09-19T15:07:37+00:00] END sql_v3_3/executable/063A_create_candidate_hd_outcomes_overall_v2.sql status=failed exit_code=3
